[debug] [2025-10-20T02:37:03.486Z] ----------------------------------------------------------------------
[debug] [2025-10-20T02:37:03.492Z] Command:       /usr/local/bin/node /usr/local/bin/firebase deploy --only firestore:rules
[debug] [2025-10-20T02:37:03.492Z] CLI Version:   14.18.0
[debug] [2025-10-20T02:37:03.492Z] Platform:      darwin
[debug] [2025-10-20T02:37:03.492Z] Node Version:  v20.17.0
[debug] [2025-10-20T02:37:03.492Z] Time:          Sun Oct 19 2025 23:37:03 GMT-0300 (hora estándar de Argentina)
[debug] [2025-10-20T02:37:03.493Z] ----------------------------------------------------------------------
[debug] 
[debug] [2025-10-20T02:37:03.625Z] > command requires scopes: ["email","openid","https://www.googleapis.com/auth/cloudplatformprojects.readonly","https://www.googleapis.com/auth/firebase","https://www.googleapis.com/auth/cloud-platform"]
[debug] [2025-10-20T02:37:03.625Z] > authorizing via signed-in user (info@plataformacolmena.com)
[debug] [2025-10-20T02:37:03.625Z] [iam] checking project clubdecocina-colmena for permissions ["datastore.indexes.create","datastore.indexes.delete","datastore.indexes.list","datastore.indexes.update","firebase.projects.get"]
[debug] [2025-10-20T02:37:03.626Z] Checked if tokens are valid: true, expires at: 1760931082582
[debug] [2025-10-20T02:37:03.626Z] Checked if tokens are valid: true, expires at: 1760931082582
[debug] [2025-10-20T02:37:03.627Z] >>> [apiv2][query] POST https://cloudresourcemanager.googleapis.com/v1/projects/clubdecocina-colmena:testIamPermissions [none]
[debug] [2025-10-20T02:37:03.627Z] >>> [apiv2][(partial)header] POST https://cloudresourcemanager.googleapis.com/v1/projects/clubdecocina-colmena:testIamPermissions x-goog-quota-user=projects/clubdecocina-colmena
[debug] [2025-10-20T02:37:03.627Z] >>> [apiv2][body] POST https://cloudresourcemanager.googleapis.com/v1/projects/clubdecocina-colmena:testIamPermissions {"permissions":["datastore.indexes.create","datastore.indexes.delete","datastore.indexes.list","datastore.indexes.update","firebase.projects.get"]}
[debug] [2025-10-20T02:37:04.762Z] <<< [apiv2][status] POST https://cloudresourcemanager.googleapis.com/v1/projects/clubdecocina-colmena:testIamPermissions 200
[debug] [2025-10-20T02:37:04.762Z] <<< [apiv2][body] POST https://cloudresourcemanager.googleapis.com/v1/projects/clubdecocina-colmena:testIamPermissions {"permissions":["datastore.indexes.create","datastore.indexes.delete","datastore.indexes.list","datastore.indexes.update","firebase.projects.get"]}
[info] 
[info] === Deploying to 'clubdecocina-colmena'...
[info] 
[info] i  deploying firestore 
[info] i  firestore: ensuring required API firestore.googleapis.com is enabled... 
[info] i  firestore: ensuring required API firestore.googleapis.com is enabled... 
[debug] [2025-10-20T02:37:04.766Z] Checked if tokens are valid: true, expires at: 1760931082582
[debug] [2025-10-20T02:37:04.766Z] Checked if tokens are valid: true, expires at: 1760931082582
[debug] [2025-10-20T02:37:04.766Z] >>> [apiv2][query] GET https://firestore.googleapis.com/v1/projects/clubdecocina-colmena/databases/(default) [none]
[debug] [2025-10-20T02:37:05.997Z] <<< [apiv2][status] GET https://firestore.googleapis.com/v1/projects/clubdecocina-colmena/databases/(default) 200
[debug] [2025-10-20T02:37:05.998Z] <<< [apiv2][body] GET https://firestore.googleapis.com/v1/projects/clubdecocina-colmena/databases/(default) {"name":"projects/clubdecocina-colmena/databases/(default)","uid":"43711e52-9cc9-4947-9074-c11ec7ef96a9","createTime":"2025-10-02T01:49:28.743092Z","updateTime":"2025-10-02T01:49:28.743092Z","locationId":"nam5","type":"FIRESTORE_NATIVE","concurrencyMode":"PESSIMISTIC","versionRetentionPeriod":"3600s","earliestVersionTime":"2025-10-20T01:37:06.071768Z","appEngineIntegrationMode":"DISABLED","keyPrefix":"s","pointInTimeRecoveryEnablement":"POINT_IN_TIME_RECOVERY_DISABLED","deleteProtectionState":"DELETE_PROTECTION_DISABLED","databaseEdition":"STANDARD","freeTier":true,"realtimeUpdatesMode":"REALTIME_UPDATES_MODE_ENABLED","etag":"ILycsazfsZADMMa/k5u5hJAD"}
[info] i  firestore: reading indexes from firestore.indexes.json... 
[info] i  cloud.firestore: checking firestore.rules for compilation errors... 
[debug] [2025-10-20T02:37:06.002Z] Checked if tokens are valid: true, expires at: 1760931082582
[debug] [2025-10-20T02:37:06.002Z] Checked if tokens are valid: true, expires at: 1760931082582
[debug] [2025-10-20T02:37:06.002Z] >>> [apiv2][query] POST https://firebaserules.googleapis.com/v1/projects/clubdecocina-colmena:test [none]
[debug] [2025-10-20T02:37:06.002Z] >>> [apiv2][body] POST https://firebaserules.googleapis.com/v1/projects/clubdecocina-colmena:test [omitted]
[debug] [2025-10-20T02:37:07.117Z] <<< [apiv2][status] POST https://firebaserules.googleapis.com/v1/projects/clubdecocina-colmena:test 200
[debug] [2025-10-20T02:37:07.117Z] <<< [apiv2][body] POST https://firebaserules.googleapis.com/v1/projects/clubdecocina-colmena:test {}
[info] ✔  cloud.firestore: rules file firestore.rules compiled successfully 
[debug] [2025-10-20T02:37:07.119Z] Checked if tokens are valid: true, expires at: 1760931082582
[debug] [2025-10-20T02:37:07.119Z] Checked if tokens are valid: true, expires at: 1760931082582
[debug] [2025-10-20T02:37:07.119Z] >>> [apiv2][query] GET https://firebaserules.googleapis.com/v1/projects/clubdecocina-colmena/releases pageSize=10&pageToken=
[debug] [2025-10-20T02:37:08.201Z] <<< [apiv2][status] GET https://firebaserules.googleapis.com/v1/projects/clubdecocina-colmena/releases 200
[debug] [2025-10-20T02:37:08.201Z] <<< [apiv2][body] GET https://firebaserules.googleapis.com/v1/projects/clubdecocina-colmena/releases {"releases":[{"name":"projects/clubdecocina-colmena/releases/cloud.firestore","rulesetName":"projects/clubdecocina-colmena/rulesets/e5ebf128-cff4-46ec-9e40-1e3d5b86b3e2","createTime":"2025-10-02T01:49:32.556071Z","updateTime":"2025-10-20T02:31:40.091331Z"}]}
[debug] [2025-10-20T02:37:08.202Z] Checked if tokens are valid: true, expires at: 1760931082582
[debug] [2025-10-20T02:37:08.202Z] Checked if tokens are valid: true, expires at: 1760931082582
[debug] [2025-10-20T02:37:08.202Z] >>> [apiv2][query] GET https://firebaserules.googleapis.com/v1/projects/clubdecocina-colmena/rulesets/e5ebf128-cff4-46ec-9e40-1e3d5b86b3e2 [none]
[debug] [2025-10-20T02:37:09.189Z] <<< [apiv2][status] GET https://firebaserules.googleapis.com/v1/projects/clubdecocina-colmena/rulesets/e5ebf128-cff4-46ec-9e40-1e3d5b86b3e2 200
[debug] [2025-10-20T02:37:09.189Z] <<< [apiv2][body] GET https://firebaserules.googleapis.com/v1/projects/clubdecocina-colmena/rulesets/e5ebf128-cff4-46ec-9e40-1e3d5b86b3e2 [omitted]
[info] i  firestore: uploading rules firestore.rules... 
[debug] [2025-10-20T02:37:09.190Z] Checked if tokens are valid: true, expires at: 1760931082582
[debug] [2025-10-20T02:37:09.191Z] Checked if tokens are valid: true, expires at: 1760931082582
[debug] [2025-10-20T02:37:09.191Z] >>> [apiv2][query] POST https://firebaserules.googleapis.com/v1/projects/clubdecocina-colmena/rulesets [none]
[debug] [2025-10-20T02:37:09.191Z] >>> [apiv2][body] POST https://firebaserules.googleapis.com/v1/projects/clubdecocina-colmena/rulesets [omitted]
[debug] [2025-10-20T02:37:09.533Z] <<< [apiv2][status] POST https://firebaserules.googleapis.com/v1/projects/clubdecocina-colmena/rulesets 200
[debug] [2025-10-20T02:37:09.533Z] <<< [apiv2][body] POST https://firebaserules.googleapis.com/v1/projects/clubdecocina-colmena/rulesets {"name":"projects/clubdecocina-colmena/rulesets/2f3f825e-9371-44c2-9b02-4311eecda101","source":{"files":[{"content":"rules_version = '2';\nservice cloud.firestore {\n  match /databases/{database}/documents {\n    // Reglas para usuarios\n    match /users/{userId} {\n      allow read, write: if request.auth != null && request.auth.uid == userId;\n      allow read, write: if request.auth != null && \n        exists(/databases/$(database)/documents/admins/$(request.auth.token.email));\n    }\n    \n    // Reglas para administradores - PERMITIR ESCRITURA COMPLETA USANDO EMAIL\n    match /admins/{adminId} {\n      allow read: if request.auth != null;\n      // Permitir que un admin actualice su propio documento usando email como ID\n      allow write: if request.auth != null && request.auth.token.email == adminId;\n      // Permitir que otros admins escriban en documentos de admin\n      allow write: if request.auth != null && \n        exists(/databases/$(database)/documents/admins/$(request.auth.token.email));\n    }\n    \n    // Reglas para cursos - ADMINISTRADORES CON PERMISOS COMPLETOS\n    match /cursos/{cursoId} {\n      allow read: if request.auth != null;\n      allow write: if request.auth != null && \n        exists(/databases/$(database)/documents/admins/$(request.auth.token.email));\n    }\n    \n    // Reglas para inscripciones - ADMINISTRADORES CON PERMISOS COMPLETOS\n    match /inscripciones/{inscripcionId} {\n      // Permitir lectura para conteo de inscripciones por curso (todos los usuarios autenticados)\n      // o para el propio usuario o administradores\n      allow read: if request.auth != null && (\n        resource.data.usuarioId == request.auth.uid || \n        exists(/databases/$(database)/documents/admins/$(request.auth.token.email)) ||\n        true  // Permitir lectura para conteo de inscripciones\n      );\n      allow create: if request.auth != null && \n        (request.resource.data.usuarioId == request.auth.uid ||\n         exists(/databases/$(database)/documents/admins/$(request.auth.token.email)));\n      allow update, delete: if request.auth != null && \n        (resource.data.usuarioId == request.auth.uid || \n         exists(/databases/$(database)/documents/admins/$(request.auth.token.email)));\n    }\n    \n    // Reglas para recetas - ADMINISTRADORES CON PERMISOS COMPLETOS\n    match /recetas/{recetaId} {\n      allow read: if request.auth != null;\n      allow write: if request.auth != null && \n        exists(/databases/$(database)/documents/admins/$(request.auth.token.email));\n    }\n    \n    // Reglas para comentarios de recetas - ADMINISTRADORES CON PERMISOS COMPLETOS\n    match /comentarios/{comentarioId} {\n      allow read: if request.auth != null;\n      allow create: if request.auth != null && \n        (request.resource.data.usuarioId == request.auth.uid ||\n         exists(/databases/$(database)/documents/admins/$(request.auth.token.email)));\n      allow update, delete: if request.auth != null && \n        (resource.data.usuarioId == request.auth.uid || \n         exists(/databases/$(database)/documents/admins/$(request.auth.token.email)));\n    }\n    \n    // Reglas para cuentas bancarias - LECTURA PÚBLICA, ESCRITURA SOLO ADMINISTRADORES\n    match /bankAccounts/{accountId} {\n      allow read: if request.auth != null;  // Todos los usuarios autenticados pueden leer\n      allow write: if request.auth != null && \n        exists(/databases/$(database)/documents/admins/$(request.auth.token.email));\n    }\n    \n    // Reglas para base de inscriptos - usuarios pueden manejar sus propios datos\n    match /base_inscriptos/{userEmail} {\n      // Usuarios pueden leer y escribir su propio documento (usando email como ID)\n      allow read, write: if request.auth != null && request.auth.token.email == userEmail;\n      // Administradores tienen acceso completo\n      allow read, write: if request.auth != null && \n        exists(/databases/$(database)/documents/admins/$(request.auth.token.email));\n    }\n\n    // Reglas para notas Kanban - SOLO ADMINISTRADORES\n    match /notes/{noteId} {\n      allow read, write: if request.auth != null && \n        exists(/databases/$(database)/documents/admins/$(request.auth.token.email));\n    }\n    \n    // Reglas para movimientos contables - SOLO ADMINISTRADORES\n    match /movimientos/{movimientoId} {\n      allow read, write: if request.auth != null && \n        exists(/databases/$(database)/documents/admins/$(request.auth.token.email));\n    }\n    \n    // Reglas para logs del sistema - SOLO ADMINISTRADORES\n    match /logs/{logId} {\n      allow read, write: if request.auth != null && \n        exists(/databases/$(database)/documents/admins/$(request.auth.token.email));\n    }\n    \n    // Reglas para logs del sistema unificados - todos los usuarios pueden escribir logs\n    match /system_logs/{logId} {\n      allow create: if request.auth != null;  // Todos pueden crear logs\n      allow read: if request.auth != null && \n        exists(/databases/$(database)/documents/admins/$(request.auth.token.email));  // Solo admins pueden leer\n    }\n    \n    // Reglas para logs de seguridad admin - SOLO ADMINISTRADORES\n    match /admin_security_logs/{logId} {\n      allow read, write: if request.auth != null && \n        exists(/databases/$(database)/documents/admins/$(request.auth.token.email));\n    }\n    \n    // Reglas para CONFIGURACIONES PÚBLICAS - todos los usuarios autenticados pueden leer\n    match /configuraciones/{configId} {\n      allow read: if request.auth != null && configId in ['sede', 'envio', 'recordatorios'];\n      allow write: if request.auth != null && \n        exists(/databases/$(database)/documents/admins/$(request.auth.token.email));\n    }\n    \n    // Reglas para CONFIGURACIONES ADMIN - solo administradores\n    match /configuraciones/{configId} {\n      allow read, write: if request.auth != null && configId == 'apps_script' &&\n        exists(/databases/$(database)/documents/admins/$(request.auth.token.email));\n    }\n    \n    // Reglas para PROFESORES - lectura pública (para mostrar en cursos), escritura solo admins\n    match /profesores/{profesorId} {\n      allow read: if request.auth != null;\n      allow write: if request.auth != null && \n        exists(/databases/$(database)/documents/admins/$(request.auth.token.email));\n    }\n    \n    // Reglas para PLANTILLAS EMAIL - SOLO ADMINISTRADORES (datos sensibles)\n    match /plantillas_email/{plantillaId} {\n      allow read, write: if request.auth != null && \n        exists(/databases/$(database)/documents/admins/$(request.auth.token.email));\n    }\n    \n    // Reglas para CONFIGURACIÓN ADMIN - SOLO ADMINISTRADORES (Apps Script, etc.)\n    match /configuracion/{configId} {\n      allow read, write: if request.auth != null && \n        exists(/databases/$(database)/documents/admins/$(request.auth.token.email));\n    }\n    \n    // Regla general para cualquier otra colección - SOLO ADMINISTRADORES\n    match /{document=**} {\n      allow read, write: if request.auth != null && \n        exists(/databases/$(database)/documents/admins/$(request.auth.token.email));\n    }\n  }\n}","name":"firestore.rules"}]},"createTime":"2025-10-20T02:37:09.570671Z","metadata":{"services":["cloud.firestore"]}}
[debug] [2025-10-20T02:37:09.533Z] [rules] created ruleset projects/clubdecocina-colmena/rulesets/2f3f825e-9371-44c2-9b02-4311eecda101
[debug] [2025-10-20T02:37:09.534Z] [rules] releasing cloud.firestore/(default) with ruleset projects/clubdecocina-colmena/rulesets/2f3f825e-9371-44c2-9b02-4311eecda101
[debug] [2025-10-20T02:37:09.534Z] Checked if tokens are valid: true, expires at: 1760931082582
[debug] [2025-10-20T02:37:09.535Z] Checked if tokens are valid: true, expires at: 1760931082582
[debug] [2025-10-20T02:37:09.535Z] >>> [apiv2][query] PATCH https://firebaserules.googleapis.com/v1/projects/clubdecocina-colmena/releases/cloud.firestore/(default) [none]
[debug] [2025-10-20T02:37:09.535Z] >>> [apiv2][body] PATCH https://firebaserules.googleapis.com/v1/projects/clubdecocina-colmena/releases/cloud.firestore/(default) {"release":{"name":"projects/clubdecocina-colmena/releases/cloud.firestore/(default)","rulesetName":"projects/clubdecocina-colmena/rulesets/2f3f825e-9371-44c2-9b02-4311eecda101"}}
[debug] [2025-10-20T02:37:10.603Z] <<< [apiv2][status] PATCH https://firebaserules.googleapis.com/v1/projects/clubdecocina-colmena/releases/cloud.firestore/(default) 200
[debug] [2025-10-20T02:37:10.603Z] <<< [apiv2][body] PATCH https://firebaserules.googleapis.com/v1/projects/clubdecocina-colmena/releases/cloud.firestore/(default) {"name":"projects/clubdecocina-colmena/releases/cloud.firestore","rulesetName":"projects/clubdecocina-colmena/rulesets/2f3f825e-9371-44c2-9b02-4311eecda101","createTime":"2025-10-02T01:49:32.556071Z","updateTime":"2025-10-20T02:37:10.643617Z"}
[debug] [2025-10-20T02:37:10.604Z] [rules] updated release projects/clubdecocina-colmena/releases/cloud.firestore
[info] ✔  firestore: released rules firestore.rules to cloud.firestore 
[info] 
[info] ✔  Deploy complete! 
[info] 
[info] Project Console: https://console.firebase.google.com/project/clubdecocina-colmena/overview
[debug] [2025-10-20T02:37:16.180Z] Error: Timed out.
    at Timeout._onTimeout (/usr/local/lib/node_modules/firebase-tools/lib/utils.js:275:49)
    at listOnTimeout (node:internal/timers:581:17)
    at process.processTimers (node:internal/timers:519:7)
[error] 
[error] Error: An unexpected error has occurred.
